[html.rovadex.com/html-creto/index.html]
[backblue.gif]
[fade.gif]
[index.html]
[html.rovadex.com/html-creto/assets/img/favicon.png]
[html.rovadex.com/html-creto/assets/css/slick.min.css]
[html.rovadex.com/html-creto/assets/css/bootstrap-grid.css]
[html.rovadex.com/html-creto/assets/css/font-awesome.min.css]
[html.rovadex.com/html-creto/assets/css/nice-select.css]
[html.rovadex.com/html-creto/assets/css/animate.css]
[html.rovadex.com/html-creto/assets/css/style.css]
[html.rovadex.com/html-creto/assets/img/logo.svg]
[html.rovadex.com/html-creto/home-two.html]
[html.rovadex.com/html-creto/services.html]
[html.rovadex.com/html-creto/shop.html]
[html.rovadex.com/html-creto/gallery.html]
[html.rovadex.com/html-creto/about.html]
[html.rovadex.com/html-creto/news.html]
[html.rovadex.com/html-creto/404.html]
[html.rovadex.com/html-creto/contacts.html]
[html.rovadex.com/html-creto/assets/img/bg-slider.svg]
[html.rovadex.com/html-creto/single-shop.html]
[html.rovadex.com/html-creto/assets/img/bike-info-slide.jpg]
[html.rovadex.com/html-creto/assets/img/img-slider.png]
[html.rovadex.com/html-creto/assets/img/bg-slider-2.svg]
[html.rovadex.com/html-creto/assets/img/img-slider-2.png]
[html.rovadex.com/html-creto/assets/img/bg-slider-3.svg]
[html.rovadex.com/html-creto/assets/img/img-slider-3.png]
[html.rovadex.com/html-creto/assets/img/categ-2.png]
[html.rovadex.com/html-creto/assets/img/categ-3.png]
[html.rovadex.com/html-creto/assets/img/categ-1.png]
[html.rovadex.com/html-creto/assets/img/bg-advantages.jpg]
[html.rovadex.com/html-creto/assets/img/placeholder-all.png]
[html.rovadex.com/html-creto/assets/img/bg-subscribe.jpg]
[html.rovadex.com/html-creto/assets/img/bg-feedback.jpg]
[html.rovadex.com/html-creto/assets/img/subscribe-effect.svg]
[html.rovadex.com/html-creto/assets/img/effect-bg-feedback.svg]
[html.rovadex.com/html-creto/assets/img/feedback-photo-1.png]
[html.rovadex.com/html-creto/assets/img/feedback-photo-2.png]
[html.rovadex.com/html-creto/assets/img/feedback-photo-3.png]
[html.rovadex.com/html-creto/single-news.html]
[html.rovadex.com/html-creto/assets/img/client-1.svg]
[html.rovadex.com/html-creto/assets/img/client-2.svg]
[html.rovadex.com/html-creto/assets/img/client-4.svg]
[html.rovadex.com/html-creto/assets/img/client-5.svg]
[html.rovadex.com/html-creto/assets/img/client-6.svg]
[html.rovadex.com/html-creto/assets/img/bg-section-banner.jpg]
[html.rovadex.com/html-creto/assets/img/effect-section-banner.svg]
[html.rovadex.com/html-creto/assets/img/footer-pay-1.png]
[html.rovadex.com/html-creto/assets/img/footer-pay-2.png]
[html.rovadex.com/html-creto/assets/img/footer-pay-3.png]
[html.rovadex.com/html-creto/assets/img/footer-pay-4.png]
[html.rovadex.com/html-creto/assets/js/jquery-2.2.4.min.js]
[html.rovadex.com/html-creto/assets/js/slick.min.js]
[html.rovadex.com/html-creto/assets/js/jquery.nice-select.js]
[html.rovadex.com/html-creto/assets/js/wow.js]
[html.rovadex.com/html-creto/assets/js/rx-lazy.js]
[html.rovadex.com/html-creto/index.html]
[html.rovadex.com/html-creto/assets/css/slick.min.css]
[html.rovadex.com/html-creto/assets/css/bootstrap-grid.css]
[html.rovadex.com/html-creto/assets/js/scripts.js]
[html.rovadex.com/html-creto/assets/fonts/fontawesome-webfont3e6e.eot]
[html.rovadex.com/html-creto/assets/fonts/fontawesome-webfontd41d.eot]
[html.rovadex.com/html-creto/assets/fonts/fontawesome-webfont3e6e.woff2]
[html.rovadex.com/html-creto/assets/fonts/fontawesome-webfont3e6e.woff]
[html.rovadex.com/html-creto/assets/fonts/fontawesome-webfont3e6e.ttf]
[html.rovadex.com/html-creto/assets/css/font-awesome.min.css]
[html.rovadex.com/html-creto/assets/css/nice-select.css]
[html.rovadex.com/html-creto/assets/css/animate.css]
[html.rovadex.com/html-creto/assets/fonts/fontawesome-webfont3e6e.svg]
[html.rovadex.com/html-creto/assets/img/bg-effect-header.svg]
[html.rovadex.com/html-creto/assets/img/hover.png]
[html.rovadex.com/html-creto/assets/img/dark-effect-subscribe.png]
[html.rovadex.com/html-creto/assets/img/dark-item-feedback.png]
[html.rovadex.com/html-creto/assets/img/bg-dark-news.png]
[html.rovadex.com/html-creto/assets/img/insta-hover-bg.png]
[html.rovadex.com/html-creto/assets/img/dark-adv-effect.svg]
[html.rovadex.com/html-creto/assets/img/dark-categ-effect.svg]
[html.rovadex.com/html-creto/assets/img/dark-prod-bg.png]
[html.rovadex.com/html-creto/assets/img/dark-prod-bg-1.png]
[html.rovadex.com/html-creto/assets/css/style.css]
[html.rovadex.com/html-creto/assets/img/logo.svg]
[html.rovadex.com/html-creto/assets/img/logo-white.svg]
[html.rovadex.com/html-creto/assets/img/loop-icon.svg]
[html.rovadex.com/html-creto/assets/img/bg-slider-2.jpg]
[html.rovadex.com/html-creto/assets/img/effect-dark-slider.svg]
[html.rovadex.com/html-creto/assets/img/dark-slide-1.png]
[html.rovadex.com/html-creto/assets/img/dark-slide-2.png]
[html.rovadex.com/html-creto/assets/img/dark-slide-3.png]
[html.rovadex.com/html-creto/assets/img/dark-categ-1.png]
[html.rovadex.com/html-creto/assets/img/dark-categ-2.png]
[html.rovadex.com/html-creto/assets/img/dark-categ-3.png]
[html.rovadex.com/html-creto/assets/img/dark-adv-bg.png]
[html.rovadex.com/html-creto/assets/img/advantages-dark-1.svg]
[html.rovadex.com/html-creto/assets/img/advantages-dark-2.svg]
[html.rovadex.com/html-creto/assets/img/advantages-dark-3.svg]
[html.rovadex.com/html-creto/assets/img/bg-dark-subscribe.jpg]
[html.rovadex.com/html-creto/assets/img/effect-subscribe-img.svg]
[html.rovadex.com/html-creto/assets/img/bg-dark-feedback.jpg]
[html.rovadex.com/html-creto/assets/img/dark-effect-img.svg]
[html.rovadex.com/html-creto/assets/img/dark-effect-bg.png]
[html.rovadex.com/html-creto/assets/img/dark-bg-banner.jpg]
[html.rovadex.com/html-creto/assets/img/effect-bg-banner.png]
[html.rovadex.com/html-creto/home-two.html]
[html.rovadex.com/html-creto/assets/img/dark-effect-banner.svg]
[html.rovadex.com/html-creto/assets/img/advantages-1.svg]
[html.rovadex.com/html-creto/assets/img/advantages-2.svg]
[html.rovadex.com/html-creto/assets/img/advantages-3.svg]
[html.rovadex.com/html-creto/assets/img/advantages-4.svg]
[html.rovadex.com/html-creto/assets/img/prod-9.png]
[html.rovadex.com/html-creto/assets/img/prod-10.png]
[html.rovadex.com/html-creto/assets/img/prod-11.png]
[html.rovadex.com/html-creto/assets/img/prod-12.png]
[html.rovadex.com/html-creto/services.html]
[html.rovadex.com/html-creto/assets/css/jquery-ui.css]
[html.rovadex.com/html-creto/assets/img/banner-shop.jpg]
[html.rovadex.com/html-creto/assets/img/prod-1.png]
[html.rovadex.com/html-creto/assets/img/prod-2.png]
[html.rovadex.com/html-creto/assets/img/prod-3.png]
[html.rovadex.com/html-creto/assets/img/prod-4.png]
[html.rovadex.com/html-creto/assets/img/prod-5.png]
[html.rovadex.com/html-creto/assets/img/prod-6.png]
[html.rovadex.com/html-creto/assets/img/prod-7.png]
[html.rovadex.com/html-creto/assets/img/prod-8.png]
[html.rovadex.com/html-creto/shop.html]
[html.rovadex.com/html-creto/assets/js/jquery-ui.js]
[html.rovadex.com/html-creto/assets/css/jquery.fancybox.css]
[html.rovadex.com/html-creto/assets/img/gal-1.jpg]
[html.rovadex.com/html-creto/assets/img/gal-2.jpg]
[html.rovadex.com/html-creto/assets/img/gal-3.jpg]
[html.rovadex.com/html-creto/assets/img/gal-4.jpg]
[html.rovadex.com/html-creto/assets/img/gal-5.jpg]
[html.rovadex.com/html-creto/assets/img/gal-6.jpg]
[html.rovadex.com/html-creto/assets/img/gal-7.jpg]
[html.rovadex.com/html-creto/assets/img/gal-8.jpg]
[html.rovadex.com/html-creto/assets/img/gal-9.jpg]
[html.rovadex.com/html-creto/assets/js/isotope.pkgd.js]
[html.rovadex.com/html-creto/gallery.html]
[html.rovadex.com/html-creto/assets/js/jquery.fancybox.js]
[html.rovadex.com/html-creto/assets/img/about-1.jpg]
[html.rovadex.com/html-creto/assets/img/about-2.jpg]
[html.rovadex.com/html-creto/assets/img/advantages-about-1.svg]
[html.rovadex.com/html-creto/assets/img/advantages-about-2.svg]
[html.rovadex.com/html-creto/assets/img/advantages-about-3.svg]
[html.rovadex.com/html-creto/assets/img/advantages-about-4.svg]
[html.rovadex.com/html-creto/assets/img/bg-about-count.jpg]
[html.rovadex.com/html-creto/assets/img/effect-bg-about.svg]
[html.rovadex.com/html-creto/assets/img/about-team-1.jpg]
[html.rovadex.com/html-creto/assets/img/about-team-2.jpg]
[html.rovadex.com/html-creto/assets/img/about-team-3.jpg]
[html.rovadex.com/html-creto/assets/img/about-team-4.jpg]
[html.rovadex.com/html-creto/about.html]
[html.rovadex.com/html-creto/assets/img/blog-1.jpg]
[html.rovadex.com/html-creto/assets/img/blog-2.jpg]
[html.rovadex.com/html-creto/assets/img/insta-widget-1.jpg]
[html.rovadex.com/html-creto/assets/img/insta-widget-2.jpg]
[html.rovadex.com/html-creto/assets/img/insta-widget-3.jpg]
[html.rovadex.com/html-creto/assets/img/insta-widget-4.jpg]
[html.rovadex.com/html-creto/assets/img/insta-widget-5.jpg]
[html.rovadex.com/html-creto/assets/img/insta-widget-6.jpg]
[html.rovadex.com/html-creto/news.html]
[html.rovadex.com/html-creto/assets/img/bg-error.jpg]
[html.rovadex.com/html-creto/404.html]
[html.rovadex.com/html-creto/assets/img/cont-img-1.jpg]
[html.rovadex.com/html-creto/assets/img/cont-icon-1.svg]
[html.rovadex.com/html-creto/assets/img/cont-icon-2.svg]
[html.rovadex.com/html-creto/contacts.html]
[html.rovadex.com/html-creto/assets/img/bg-slider.svg]
[html.rovadex.com/html-creto/assets/img/cont-icon-3.svg]
[html.rovadex.com/html-creto/assets/img/single-slider-1.jpg]
[html.rovadex.com/html-creto/assets/img/single-slider-2.jpg]
[html.rovadex.com/html-creto/assets/img/single-slider-3.jpg]
[html.rovadex.com/html-creto/assets/img/single-slider-4.jpg]
[html.rovadex.com/html-creto/assets/img/video-bg.jpg]
[html.rovadex.com/html-creto/assets/img/testimonials-1.png]
[html.rovadex.com/html-creto/assets/img/testimonials-2.png]
[html.rovadex.com/html-creto/single-shop.html]
[html.rovadex.com/html-creto/assets/img/bg-slider-2.svg]
[html.rovadex.com/html-creto/assets/img/bg-slider-3.svg]
[html.rovadex.com/html-creto/assets/img/subscribe-effect.svg]
[html.rovadex.com/html-creto/assets/img/effect-bg-feedback.svg]
[html.rovadex.com/html-creto/assets/img/autor-img.png]
[html.rovadex.com/html-creto/single-news.html]
[html.rovadex.com/html-creto/assets/img/client-1.svg]
[html.rovadex.com/html-creto/assets/img/client-2.svg]
[html.rovadex.com/html-creto/assets/img/client-4.svg]
[html.rovadex.com/html-creto/assets/img/client-5.svg]
[html.rovadex.com/html-creto/assets/img/client-6.svg]
[html.rovadex.com/html-creto/assets/img/effect-section-banner.svg]
[html.rovadex.com/html-creto/assets/fonts/fontawesome-webfont3e6e.svg]
[html.rovadex.com/html-creto/assets/img/bg-effect-header.svg]
[html.rovadex.com/html-creto/assets/img/dark-adv-effect.svg]
[html.rovadex.com/html-creto/assets/img/dark-categ-effect.svg]
[html.rovadex.com/html-creto/assets/img/logo-white.svg]
[html.rovadex.com/html-creto/assets/img/loop-icon.svg]
[html.rovadex.com/html-creto/assets/img/effect-dark-slider.svg]
[html.rovadex.com/html-creto/assets/img/advantages-dark-1.svg]
[html.rovadex.com/html-creto/assets/img/advantages-dark-2.svg]
[html.rovadex.com/html-creto/assets/img/advantages-dark-3.svg]
[html.rovadex.com/html-creto/assets/img/effect-subscribe-img.svg]
[html.rovadex.com/html-creto/assets/img/dark-effect-img.svg]
[html.rovadex.com/html-creto/assets/img/dark-effect-banner.svg]
[html.rovadex.com/html-creto/assets/img/advantages-1.svg]
[html.rovadex.com/html-creto/assets/img/advantages-2.svg]
[html.rovadex.com/html-creto/assets/img/advantages-3.svg]
[html.rovadex.com/html-creto/assets/img/advantages-4.svg]
[html.rovadex.com/html-creto/assets/img/ui-icons_444444_256x240.png]
[html.rovadex.com/html-creto/assets/img/ui-icons_555555_256x240.png]
[html.rovadex.com/html-creto/assets/img/ui-icons_ffffff_256x240.png]
[html.rovadex.com/html-creto/assets/img/ui-icons_777620_256x240.png]
[html.rovadex.com/html-creto/assets/img/ui-icons_cc0000_256x240.png]
[html.rovadex.com/html-creto/assets/img/ui-icons_777777_256x240.png]
[html.rovadex.com/html-creto/assets/css/jquery-ui.css]
[html.rovadex.com/html-creto/assets/css/jquery.fancybox.css]
[html.rovadex.com/html-creto/assets/img/advantages-about-1.svg]
[html.rovadex.com/html-creto/assets/img/advantages-about-2.svg]
[html.rovadex.com/html-creto/assets/img/advantages-about-3.svg]
[html.rovadex.com/html-creto/assets/img/advantages-about-4.svg]
[html.rovadex.com/html-creto/assets/img/effect-bg-about.svg]
[html.rovadex.com/html-creto/assets/img/cont-icon-1.svg]
[html.rovadex.com/html-creto/assets/img/cont-icon-2.svg]
[html.rovadex.com/html-creto/assets/img/cont-icon-3.svg]
[html.rovadex.com/html-creto/assets/img/ui-icons_444444_256x240.html]
[html.rovadex.com/html-creto/assets/img/ui-icons_555555_256x240.html]
[html.rovadex.com/html-creto/assets/img/ui-icons_ffffff_256x240.html]
[html.rovadex.com/html-creto/assets/img/ui-icons_777620_256x240.html]
[html.rovadex.com/html-creto/assets/img/ui-icons_cc0000_256x240.html]
